[INFO] Scanning for projects...
[INFO] 
[INFO] ---------------------< com.bypass:bypasstransers >----------------------
[INFO] Building bypasstransers 0.0.1-SNAPSHOT
[INFO]   from pom.xml
[INFO] --------------------------------[ jar ]---------------------------------
[INFO] 
[INFO] --- resources:3.3.1:resources (default-resources) @ bypasstransers ---
[INFO] Copying 3 resources from src\main\resources to target\classes
[INFO] Copying 86 resources from src\main\resources to target\classes
[INFO] 
[INFO] --- compiler:3.14.1:compile (default-compile) @ bypasstransers ---
[INFO] Nothing to compile - all classes are up to date.
[INFO] 
[INFO] --- resources:3.3.1:testResources (default-testResources) @ bypasstransers ---
[INFO] Copying 1 resource from src\test\resources to target\test-classes
[INFO] 
[INFO] --- compiler:3.14.1:testCompile (default-testCompile) @ bypasstransers ---
[INFO] Nothing to compile - all classes are up to date.
[INFO] 
[INFO] --- surefire:3.5.4:test (default-test) @ bypasstransers ---
[INFO] Using auto detected provider org.apache.maven.surefire.junitplatform.JUnitPlatformProvider
[INFO] 
[INFO] -------------------------------------------------------
[INFO]  T E S T S
[INFO] -------------------------------------------------------
[INFO] Running com.bypass.bypasstransers.PasswordResetIntegrationTest
20:08:07.227 [main] INFO org.springframework.test.context.support.AnnotationConfigContextLoaderUtils -- Could not detect default configuration classes for test class [com.bypass.bypasstransers.PasswordResetIntegrationTest]: PasswordResetIntegrationTest does not declare any static, non-private, non-final, nested classes annotated with @Configuration.
20:08:07.625 [main] INFO org.springframework.boot.test.context.SpringBootTestContextBootstrapper -- Found @SpringBootConfiguration com.bypass.bypasstransers.BypasstransersApplication for test class com.bypass.bypasstransers.PasswordResetIntegrationTest

  .   ____          _            __ _ _
 /\\ / ___'_ __ _ _(_)_ __  __ _ \ \ \ \
( ( )\___ | '_ | '_| | '_ \/ _` | \ \ \ \
 \\/  ___)| |_)| | | | | || (_| |  ) ) ) )
  '  |____| .__|_| |_|_| |_\__, | / / / /
 =========|_|==============|___/=/_/_/_/

 :: Spring Boot ::                (v4.0.1)

2026-04-06T20:08:09.098+02:00  WARN 30416 --- [bypasstransers] [           main] ory$DuplicateJsonObjectContextCustomizer : 

Found multiple occurrences of org.json.JSONObject on the class path:

	jar:file:/C:/Users/Vickeller.01/.m2/repository/org/json/json/20230227/json-20230227.jar!/org/json/JSONObject.class
	jar:file:/C:/Users/Vickeller.01/.m2/repository/com/vaadin/external/google/android-json/0.0.20131108.vaadin1/android-json-0.0.20131108.vaadin1.jar!/org/json/JSONObject.class

You may wish to exclude one of them to ensure predictable runtime behavior

2026-04-06T20:08:09.119+02:00  INFO 30416 --- [bypasstransers] [           main] c.b.b.PasswordResetIntegrationTest       : Starting PasswordResetIntegrationTest using Java 25.0.1 with PID 30416 (started by Vickeller.01 in C:\Users\Vickeller.01\Desktop\bypasstransers (1)\bypasstransers)
2026-04-06T20:08:09.122+02:00  INFO 30416 --- [bypasstransers] [           main] c.b.b.PasswordResetIntegrationTest       : No active profile set, falling back to 1 default profile: "default"
2026-04-06T20:08:12.133+02:00  INFO 30416 --- [bypasstransers] [           main] .s.d.r.c.RepositoryConfigurationDelegate : Bootstrapping Spring Data JPA repositories in DEFAULT mode.
2026-04-06T20:08:12.495+02:00  INFO 30416 --- [bypasstransers] [           main] .s.d.r.c.RepositoryConfigurationDelegate : Finished Spring Data repository scanning in 331 ms. Found 15 JPA repository interfaces.
2026-04-06T20:08:14.082+02:00  INFO 30416 --- [bypasstransers] [           main] org.hibernate.orm.jpa                    : HHH008540: Processing PersistenceUnitInfo [name: default]
2026-04-06T20:08:14.195+02:00  INFO 30416 --- [bypasstransers] [           main] org.hibernate.orm.core                   : HHH000001: Hibernate ORM core version 7.2.0.Final
2026-04-06T20:08:15.412+02:00  INFO 30416 --- [bypasstransers] [           main] o.s.o.j.p.SpringPersistenceUnitInfo      : No LoadTimeWeaver setup: ignoring JPA class transformer
2026-04-06T20:08:15.459+02:00  INFO 30416 --- [bypasstransers] [           main] com.zaxxer.hikari.HikariDataSource       : HikariPool-1 - Starting...
2026-04-06T20:08:15.858+02:00  INFO 30416 --- [bypasstransers] [           main] com.zaxxer.hikari.pool.HikariPool        : HikariPool-1 - Added connection org.postgresql.jdbc.PgConnection@5776a9f8
2026-04-06T20:08:15.861+02:00  INFO 30416 --- [bypasstransers] [           main] com.zaxxer.hikari.HikariDataSource       : HikariPool-1 - Start completed.
2026-04-06T20:08:15.930+02:00  WARN 30416 --- [bypasstransers] [           main] org.hibernate.orm.deprecation            : HHH90000025: PostgreSQLDialect does not need to be specified explicitly using 'hibernate.dialect' (remove the property setting and it will be selected by default)
2026-04-06T20:08:15.981+02:00  INFO 30416 --- [bypasstransers] [           main] org.hibernate.orm.connections.pooling    : HHH10001005: Database info:
	Database JDBC URL [jdbc:postgresql://localhost:5432/bypass_records]
	Database driver: PostgreSQL JDBC Driver
	Database dialect: PostgreSQLDialect
	Database version: 18.3
	Default catalog/schema: bypass_records/public
	Autocommit mode: undefined/unknown
	Isolation level: READ_COMMITTED [default READ_COMMITTED]
	JDBC fetch size: none
	Pool: DataSourceConnectionProvider
	Minimum pool size: undefined/unknown
	Maximum pool size: undefined/unknown
2026-04-06T20:08:18.709+02:00  INFO 30416 --- [bypasstransers] [           main] org.hibernate.orm.core                   : HHH000489: No JTA platform available (set 'hibernate.transaction.jta.platform' to enable JTA platform integration)
2026-04-06T20:08:18.845+02:00  INFO 30416 --- [bypasstransers] [           main] j.LocalContainerEntityManagerFactoryBean : Initialized JPA EntityManagerFactory for persistence unit 'default'
2026-04-06T20:08:19.074+02:00  INFO 30416 --- [bypasstransers] [           main] o.s.d.j.r.query.QueryEnhancerFactories   : Hibernate is in classpath; If applicable, HQL parser will be used.
2026-04-06T20:08:24.572+02:00  INFO 30416 --- [bypasstransers] [           main] c.b.bypasstransers.util.EmailTestUtil    : Checking email configuration...
2026-04-06T20:08:24.573+02:00  INFO 30416 --- [bypasstransers] [           main] c.b.bypasstransers.util.EmailTestUtil    : Email service is available. Configuration successful!
2026-04-06T20:08:24.573+02:00  INFO 30416 --- [bypasstransers] [           main] c.b.bypasstransers.util.EmailTestUtil    : Email functionality is ready for use.
2026-04-06T20:08:24.750+02:00  WARN 30416 --- [bypasstransers] [           main] JpaBaseConfiguration$JpaWebConfiguration : spring.jpa.open-in-view is enabled by default. Therefore, database queries may be performed during view rendering. Explicitly configure spring.jpa.open-in-view to disable this warning
2026-04-06T20:08:25.078+02:00  INFO 30416 --- [bypasstransers] [           main] eAuthenticationProviderManagerConfigurer : Global AuthenticationManager configured with AuthenticationProvider bean with name daoAuthenticationProvider
2026-04-06T20:08:25.079+02:00  WARN 30416 --- [bypasstransers] [           main] r$InitializeUserDetailsManagerConfigurer : Global AuthenticationManager configured with an AuthenticationProvider bean. UserDetailsService beans will not be used by Spring Security for automatically configuring username/password login. Consider removing the AuthenticationProvider bean. Alternatively, consider using the UserDetailsService in a manually instantiated DaoAuthenticationProvider. If the current configuration is intentional, to turn off this warning, increase the logging level of 'org.springframework.security.config.annotation.authentication.configuration.InitializeUserDetailsBeanManagerConfigurer' to ERROR
2026-04-06T20:08:25.473+02:00 DEBUG 30416 --- [bypasstransers] [           main] o.s.s.web.DefaultSecurityFilterChain     : Will secure any request with filters: DisableEncodeUrlFilter, WebAsyncManagerIntegrationFilter, SecurityContextHolderFilter, HeaderWriterFilter, CsrfFilter, LogoutFilter, UsernamePasswordAuthenticationFilter, ConcurrentSessionFilter, RequestCacheAwareFilter, SecurityContextHolderAwareRequestFilter, AnonymousAuthenticationFilter, SessionManagementFilter, ExceptionTranslationFilter, AuthorizationFilter
2026-04-06T20:08:25.572+02:00  INFO 30416 --- [bypasstransers] [           main] o.s.b.w.a.WelcomePageHandlerMapping      : Adding welcome page template: index
2026-04-06T20:08:26.846+02:00  INFO 30416 --- [bypasstransers] [           main] o.s.b.a.e.web.EndpointLinksResolver      : Exposing 1 endpoint beneath base path '/actuator'
2026-04-06T20:08:27.018+02:00  INFO 30416 --- [bypasstransers] [           main] c.b.b.PasswordResetIntegrationTest       : Started PasswordResetIntegrationTest in 19.017 seconds (process running for 21.977)
2026-04-06T20:08:27.375+02:00 DEBUG 30416 --- [bypasstransers] [           main] org.hibernate.SQL                        : 
    select
        u1_0.id,
        u1_0.base_currency,
        u1_0.branch_id,
        u1_0.created_at,
        u1_0.deleted_at,
        u1_0.email,
        u1_0.email_verified,
        u1_0.is_active,
        u1_0.password,
        u1_0.phone_number,
        u1_0.role,
        u1_0.username 
    from
        public.users u1_0
Hibernate: 
    select
        u1_0.id,
        u1_0.base_currency,
        u1_0.branch_id,
        u1_0.created_at,
        u1_0.deleted_at,
        u1_0.email,
        u1_0.email_verified,
        u1_0.is_active,
        u1_0.password,
        u1_0.phone_number,
        u1_0.role,
        u1_0.username 
    from
        public.users u1_0
2026-04-06T20:08:27.437+02:00 DEBUG 30416 --- [bypasstransers] [           main] org.hibernate.SQL                        : 
    select
        b1_0.id,
        b1_0.address,
        b1_0.contact_email,
        b1_0.contact_phone,
        b1_0.country,
        b1_0.created_at,
        b1_0.currency,
        b1_0.is_active,
        b1_0.name,
        b1_0.updated_at 
    from
        public.branch b1_0 
    where
        b1_0.id=?
Hibernate: 
    select
        b1_0.id,
        b1_0.address,
        b1_0.contact_email,
        b1_0.contact_phone,
        b1_0.country,
        b1_0.created_at,
        b1_0.currency,
        b1_0.is_active,
        b1_0.name,
        b1_0.updated_at 
    from
        public.branch b1_0 
    where
        b1_0.id=?
2026-04-06T20:08:27.464+02:00 DEBUG 30416 --- [bypasstransers] [           main] org.hibernate.SQL                        : 
    select
        b1_0.id,
        b1_0.address,
        b1_0.contact_email,
        b1_0.contact_phone,
        b1_0.country,
        b1_0.created_at,
        b1_0.currency,
        b1_0.is_active,
        b1_0.name,
        b1_0.updated_at 
    from
        public.branch b1_0 
    where
        b1_0.id=?
Hibernate: 
    select
        b1_0.id,
        b1_0.address,
        b1_0.contact_email,
        b1_0.contact_phone,
        b1_0.country,
        b1_0.created_at,
        b1_0.currency,
        b1_0.is_active,
        b1_0.name,
        b1_0.updated_at 
    from
        public.branch b1_0 
    where
        b1_0.id=?
Database schema appears to be up to date.
2026-04-06T20:08:27.488+02:00 DEBUG 30416 --- [bypasstransers] [           main] org.hibernate.SQL                        : 
    select
        u1_0.id,
        u1_0.base_currency,
        u1_0.branch_id,
        u1_0.created_at,
        u1_0.deleted_at,
        u1_0.email,
        u1_0.email_verified,
        u1_0.is_active,
        u1_0.password,
        u1_0.phone_number,
        u1_0.role,
        u1_0.username 
    from
        public.users u1_0
Hibernate: 
    select
        u1_0.id,
        u1_0.base_currency,
        u1_0.branch_id,
        u1_0.created_at,
        u1_0.deleted_at,
        u1_0.email,
        u1_0.email_verified,
        u1_0.is_active,
        u1_0.password,
        u1_0.phone_number,
        u1_0.role,
        u1_0.username 
    from
        public.users u1_0
2026-04-06T20:08:27.491+02:00 DEBUG 30416 --- [bypasstransers] [           main] org.hibernate.SQL                        : 
    select
        b1_0.id,
        b1_0.address,
        b1_0.contact_email,
        b1_0.contact_phone,
        b1_0.country,
        b1_0.created_at,
        b1_0.currency,
        b1_0.is_active,
        b1_0.name,
        b1_0.updated_at 
    from
        public.branch b1_0 
    where
        b1_0.id=?
Hibernate: 
    select
        b1_0.id,
        b1_0.address,
        b1_0.contact_email,
        b1_0.contact_phone,
        b1_0.country,
        b1_0.created_at,
        b1_0.currency,
        b1_0.is_active,
        b1_0.name,
        b1_0.updated_at 
    from
        public.branch b1_0 
    where
        b1_0.id=?
2026-04-06T20:08:27.497+02:00 DEBUG 30416 --- [bypasstransers] [           main] org.hibernate.SQL                        : 
    select
        b1_0.id,
        b1_0.address,
        b1_0.contact_email,
        b1_0.contact_phone,
        b1_0.country,
        b1_0.created_at,
        b1_0.currency,
        b1_0.is_active,
        b1_0.name,
        b1_0.updated_at 
    from
        public.branch b1_0 
    where
        b1_0.id=?
Hibernate: 
    select
        b1_0.id,
        b1_0.address,
        b1_0.contact_email,
        b1_0.contact_phone,
        b1_0.country,
        b1_0.created_at,
        b1_0.currency,
        b1_0.is_active,
        b1_0.name,
        b1_0.updated_at 
    from
        public.branch b1_0 
    where
        b1_0.id=?
Admin user already exists. Startup check complete.
2026-04-06T20:08:27.640+02:00 DEBUG 30416 --- [bypasstransers] [           main] org.hibernate.SQL                        : 
    select
        a1_0.id,
        a1_0.balance,
        a1_0.low_balance_alert_sent,
        a1_0.low_balance_threshold,
        a1_0.name,
        a1_0.owner_id,
        a1_0.transfer_fee 
    from
        public.account a1_0 
    where
        a1_0.owner_id=?
Hibernate: 
    select
        a1_0.id,
        a1_0.balance,
        a1_0.low_balance_alert_sent,
        a1_0.low_balance_threshold,
        a1_0.name,
        a1_0.owner_id,
        a1_0.transfer_fee 
    from
        public.account a1_0 
    where
        a1_0.owner_id=?
2026-04-06T20:08:27.644+02:00 DEBUG 30416 --- [bypasstransers] [           main] org.hibernate.SQL                        : 
    select
        u1_0.id,
        u1_0.base_currency,
        b1_0.id,
        b1_0.address,
        b1_0.contact_email,
        b1_0.contact_phone,
        b1_0.country,
        b1_0.created_at,
        b1_0.currency,
        b1_0.is_active,
        b1_0.name,
        b1_0.updated_at,
        u1_0.created_at,
        u1_0.deleted_at,
        u1_0.email,
        u1_0.email_verified,
        u1_0.is_active,
        u1_0.password,
        u1_0.phone_number,
        u1_0.role,
        u1_0.username 
    from
        public.users u1_0 
    left join
        public.branch b1_0 
            on b1_0.id=u1_0.branch_id 
    where
        u1_0.id=?
Hibernate: 
    select
        u1_0.id,
        u1_0.base_currency,
        b1_0.id,
        b1_0.address,
        b1_0.contact_email,
        b1_0.contact_phone,
        b1_0.country,
        b1_0.created_at,
        b1_0.currency,
        b1_0.is_active,
        b1_0.name,
        b1_0.updated_at,
        u1_0.created_at,
        u1_0.deleted_at,
        u1_0.email,
        u1_0.email_verified,
        u1_0.is_active,
        u1_0.password,
        u1_0.phone_number,
        u1_0.role,
        u1_0.username 
    from
        public.users u1_0 
    left join
        public.branch b1_0 
            on b1_0.id=u1_0.branch_id 
    where
        u1_0.id=?
2026-04-06T20:08:27.675+02:00 DEBUG 30416 --- [bypasstransers] [           main] org.hibernate.SQL                        : 
    select
        count(*) 
    from
        public.account a1_0
Hibernate: 
    select
        count(*) 
    from
        public.account a1_0
2026-04-06T20:08:27.681+02:00 DEBUG 30416 --- [bypasstransers] [           main] org.hibernate.SQL                        : 
    select
        count(*) 
    from
        public.users u1_0
Hibernate: 
    select
        count(*) 
    from
        public.users u1_0
2026-04-06T20:08:27.685+02:00 DEBUG 30416 --- [bypasstransers] [           main] org.hibernate.SQL                        : 
    select
        u1_0.id,
        u1_0.base_currency,
        u1_0.branch_id,
        u1_0.created_at,
        u1_0.deleted_at,
        u1_0.email,
        u1_0.email_verified,
        u1_0.is_active,
        u1_0.password,
        u1_0.phone_number,
        u1_0.role,
        u1_0.username 
    from
        public.users u1_0
Hibernate: 
    select
        u1_0.id,
        u1_0.base_currency,
        u1_0.branch_id,
        u1_0.created_at,
        u1_0.deleted_at,
        u1_0.email,
        u1_0.email_verified,
        u1_0.is_active,
        u1_0.password,
        u1_0.phone_number,
        u1_0.role,
        u1_0.username 
    from
        public.users u1_0
2026-04-06T20:08:27.688+02:00 DEBUG 30416 --- [bypasstransers] [           main] org.hibernate.SQL                        : 
    select
        b1_0.id,
        b1_0.address,
        b1_0.contact_email,
        b1_0.contact_phone,
        b1_0.country,
        b1_0.created_at,
        b1_0.currency,
        b1_0.is_active,
        b1_0.name,
        b1_0.updated_at 
    from
        public.branch b1_0 
    where
        b1_0.id=?
Hibernate: 
    select
        b1_0.id,
        b1_0.address,
        b1_0.contact_email,
        b1_0.contact_phone,
        b1_0.country,
        b1_0.created_at,
        b1_0.currency,
        b1_0.is_active,
        b1_0.name,
        b1_0.updated_at 
    from
        public.branch b1_0 
    where
        b1_0.id=?
2026-04-06T20:08:27.695+02:00 DEBUG 30416 --- [bypasstransers] [           main] org.hibernate.SQL                        : 
    select
        b1_0.id,
        b1_0.address,
        b1_0.contact_email,
        b1_0.contact_phone,
        b1_0.country,
        b1_0.created_at,
        b1_0.currency,
        b1_0.is_active,
        b1_0.name,
        b1_0.updated_at 
    from
        public.branch b1_0 
    where
        b1_0.id=?
Hibernate: 
    select
        b1_0.id,
        b1_0.address,
        b1_0.contact_email,
        b1_0.contact_phone,
        b1_0.country,
        b1_0.created_at,
        b1_0.currency,
        b1_0.is_active,
        b1_0.name,
        b1_0.updated_at 
    from
        public.branch b1_0 
    where
        b1_0.id=?
2026-04-06T20:08:29.061+02:00  INFO 30416 --- [bypasstransers] [           main] o.s.b.t.m.w.SpringBootMockServletContext : Initializing Spring TestDispatcherServlet ''
2026-04-06T20:08:29.061+02:00  INFO 30416 --- [bypasstransers] [           main] o.s.t.web.servlet.TestDispatcherServlet  : Initializing Servlet ''
2026-04-06T20:08:29.064+02:00  INFO 30416 --- [bypasstransers] [           main] o.s.t.web.servlet.TestDispatcherServlet  : Completed initialization in 2 ms
2026-04-06T20:08:29.280+02:00 DEBUG 30416 --- [bypasstransers] [           main] org.hibernate.SQL                        : 
    insert 
    into
        public.users
        (base_currency, branch_id, created_at, deleted_at, email, email_verified, is_active, password, phone_number, role, username) 
    values
        (?, ?, ?, ?, ?, ?, ?, ?, ?, ?, ?)
Hibernate: 
    insert 
    into
        public.users
        (base_currency, branch_id, created_at, deleted_at, email, email_verified, is_active, password, phone_number, role, username) 
    values
        (?, ?, ?, ?, ?, ?, ?, ?, ?, ?, ?)
2026-04-06T20:08:29.491+02:00 DEBUG 30416 --- [bypasstransers] [           main] org.hibernate.SQL                        : 
    select
        u1_0.id,
        u1_0.base_currency,
        u1_0.branch_id,
        u1_0.created_at,
        u1_0.deleted_at,
        u1_0.email,
        u1_0.email_verified,
        u1_0.is_active,
        u1_0.password,
        u1_0.phone_number,
        u1_0.role,
        u1_0.username 
    from
        public.users u1_0 
    where
        upper(u1_0.email)=upper(?)
Hibernate: 
    select
        u1_0.id,
        u1_0.base_currency,
        u1_0.branch_id,
        u1_0.created_at,
        u1_0.deleted_at,
        u1_0.email,
        u1_0.email_verified,
        u1_0.is_active,
        u1_0.password,
        u1_0.phone_number,
        u1_0.role,
        u1_0.username 
    from
        public.users u1_0 
    where
        upper(u1_0.email)=upper(?)
2026-04-06T20:08:29.497+02:00 DEBUG 30416 --- [bypasstransers] [           main] org.hibernate.SQL                        : 
    select
        prt1_0.id,
        prt1_0.expiry,
        prt1_0.token,
        prt1_0.user_id 
    from
        public.password_reset_tokens prt1_0 
    where
        prt1_0.user_id=?
Hibernate: 
    select
        prt1_0.id,
        prt1_0.expiry,
        prt1_0.token,
        prt1_0.user_id 
    from
        public.password_reset_tokens prt1_0 
    where
        prt1_0.user_id=?
2026-04-06T20:08:29.502+02:00 DEBUG 30416 --- [bypasstransers] [           main] org.hibernate.SQL                        : 
    select
        nextval('public.password_reset_tokens_seq')
Hibernate: 
    select
        nextval('public.password_reset_tokens_seq')
2026-04-06T20:08:29.509+02:00 DEBUG 30416 --- [bypasstransers] [           main] org.hibernate.SQL                        : 
    insert 
    into
        public.password_reset_tokens
        (expiry, token, user_id, id) 
    values
        (?, ?, ?, ?)
Hibernate: 
    insert 
    into
        public.password_reset_tokens
        (expiry, token, user_id, id) 
    values
        (?, ?, ?, ?)
2026-04-06T20:08:30.032+02:00  WARN 30416 --- [bypasstransers] [           main] c.b.bypasstransers.service.EmailService  : [EmailService] JavaMailSender not available (configure spring.mail.* / MAIL_*). Console fallback for template=password-reset.html to=resetuser_1775498909070@example.com
2026-04-06T20:08:30.032+02:00  INFO 30416 --- [bypasstransers] [           main] c.b.bypasstransers.service.EmailService  : --- Email (console fallback, template) ---
2026-04-06T20:08:30.032+02:00  INFO 30416 --- [bypasstransers] [           main] c.b.bypasstransers.service.EmailService  : To: resetuser_1775498909070@example.com
2026-04-06T20:08:30.032+02:00  INFO 30416 --- [bypasstransers] [           main] c.b.bypasstransers.service.EmailService  : Subject: Password reset
2026-04-06T20:08:30.032+02:00  INFO 30416 --- [bypasstransers] [           main] c.b.bypasstransers.service.EmailService  : Template: password-reset.html
2026-04-06T20:08:30.032+02:00  INFO 30416 --- [bypasstransers] [           main] c.b.bypasstransers.service.EmailService  : <!DOCTYPE html>
<html>
<head>
  <meta charset="utf-8"/>
  <meta name="viewport" content="width=device-width, initial-scale=1.0"/>
  <title>Password Reset - ByPass Transfers</title>
</head>
<body style="margin:0;padding:0;background-color:#f1f5f9;font-family:'Segoe UI',Arial,sans-serif;">

  <!-- Outer wrapper -->
  <table width="100%" cellpadding="0" cellspacing="0" border="0" style="background-color:#f1f5f9;padding:40px 16px;">
    <tr>
      <td align="center">

        <!-- Card -->
        <table width="100%" cellpadding="0" cellspacing="0" border="0" style="max-width:560px;background:#ffffff;border-radius:16px;box-shadow:0 4px 24px rgba(0,0,0,0.08);overflow:hidden;">

          <!-- Header band -->
          <tr>
            <td style="background:linear-gradient(135deg,#1d4ed8,#3b82f6);padding:32px 40px;text-align:center;">
              <p style="margin:0;font-size:22px;font-weight:800;color:#ffffff;letter-spacing:-0.5px;">
                ByPass Transfers
              </p>
              <p style="margin:6px 0 0;font-size:13px;color:rgba(255,255,255,0.8);">Secure Money Transfer Platform</p>
            </td>
          </tr>

          <!-- Body -->
          <tr>
            <td style="padding:40px 40px 32px;">

              <!-- Icon circle -->
              <div style="text-align:center;margin-bottom:24px;">
                <div style="display:inline-block;width:64px;height:64px;background:#eff6ff;border-radius:50%;line-height:64px;text-align:center;">
                  <span style="font-size:28px;">?</span>
                </div>
              </div>

              <h1 style="margin:0 0 8px;font-size:22px;font-weight:700;color:#1e293b;text-align:center;">
                Reset Your Password
              </h1>
              <p style="margin:0 0 24px;font-size:15px;color:#64748b;text-align:center;line-height:1.6;">
                Hi <strong>resetuser_1775498909070</strong>, we received a request to reset your password.<br/>
                Click the button below ù this link expires in <strong>6 hours</strong>.
              </p>

              <!-- CTA Button -->
              <div style="text-align:center;margin:28px 0;">
                <a href="http://localhost/reset?token=c660609f-bb00-46e6-94ec-3aeacd6a3e7e"
                   style="display:inline-block;background:linear-gradient(135deg,#3b82f6,#1d4ed8);color:#ffffff;text-decoration:none;font-weight:700;font-size:16px;padding:16px 40px;border-radius:10px;letter-spacing:0.3px;">
                  Reset My Password
                </a>
              </div>

              <!-- Fallback link -->
              <p style="margin:20px 0 0;font-size:13px;color:#94a3b8;text-align:center;">
                Or copy and paste this link into your browser:
              </p>
              <p style="margin:6px 0 0;font-size:12px;color:#3b82f6;text-align:center;word-break:break-all;">
                <a href="http://localhost/reset?token=c660609f-bb00-46e6-94ec-3aeacd6a3e7e" style="color:#3b82f6;">http://localhost/reset?token=c660609f-bb00-46e6-94ec-3aeacd6a3e7e</a>
              </p>

              <!-- Warning note -->
              <div style="margin-top:28px;padding:16px;background:#fefce8;border:1px solid #fef08a;border-radius:8px;">
                <p style="margin:0;font-size:13px;color:#854d0e;">
                  ?? If you did not request a password reset, please ignore this email. Your account remains secure.
                </p>
              </div>

            </td>
          </tr>

          <!-- Footer -->
          <tr>
            <td style="padding:20px 40px 32px;border-top:1px solid #f1f5f9;text-align:center;">
              <p style="margin:0;font-size:12px;color:#94a3b8;">
                ⌐ 2025 ByPass Transfers ╖ This is an automated message, do not reply.
              </p>
            </td>
          </tr>

        </table>
      </td>
    </tr>
  </table>

</body>
</html>

2026-04-06T20:08:30.035+02:00  INFO 30416 --- [bypasstransers] [           main] c.b.bypasstransers.service.EmailService  : --------------------------------
2026-04-06T20:08:30.039+02:00 DEBUG 30416 --- [bypasstransers] [           main] org.hibernate.SQL                        : 
    select
        u1_0.id,
        u1_0.base_currency,
        u1_0.branch_id,
        u1_0.created_at,
        u1_0.deleted_at,
        u1_0.email,
        u1_0.email_verified,
        u1_0.is_active,
        u1_0.password,
        u1_0.phone_number,
        u1_0.role,
        u1_0.username 
    from
        public.users u1_0 
    where
        u1_0.username=?
Hibernate: 
    select
        u1_0.id,
        u1_0.base_currency,
        u1_0.branch_id,
        u1_0.created_at,
        u1_0.deleted_at,
        u1_0.email,
        u1_0.email_verified,
        u1_0.is_active,
        u1_0.password,
        u1_0.phone_number,
        u1_0.role,
        u1_0.username 
    from
        public.users u1_0 
    where
        u1_0.username=?
2026-04-06T20:08:30.042+02:00 DEBUG 30416 --- [bypasstransers] [           main] org.hibernate.SQL                        : 
    select
        nextval('public.audit_logs_seq')
Hibernate: 
    select
        nextval('public.audit_logs_seq')
2026-04-06T20:08:30.047+02:00 DEBUG 30416 --- [bypasstransers] [           main] org.hibernate.SQL                        : 
    insert 
    into
        public.audit_logs
        (action, entity_id, entity_name, new_value, old_value, performed_at, performed_by, id) 
    values
        (?, ?, ?, ?, ?, ?, ?, ?)
Hibernate: 
    insert 
    into
        public.audit_logs
        (action, entity_id, entity_name, new_value, old_value, performed_at, performed_by, id) 
    values
        (?, ?, ?, ?, ?, ?, ?, ?)
2026-04-06T20:08:30.078+02:00 DEBUG 30416 --- [bypasstransers] [           main] org.hibernate.SQL                        : 
    select
        prt1_0.id,
        prt1_0.expiry,
        prt1_0.token,
        prt1_0.user_id 
    from
        public.password_reset_tokens prt1_0
Hibernate: 
    select
        prt1_0.id,
        prt1_0.expiry,
        prt1_0.token,
        prt1_0.user_id 
    from
        public.password_reset_tokens prt1_0
2026-04-06T20:08:30.082+02:00 DEBUG 30416 --- [bypasstransers] [           main] org.hibernate.SQL                        : 
    select
        u1_0.id,
        u1_0.base_currency,
        b1_0.id,
        b1_0.address,
        b1_0.contact_email,
        b1_0.contact_phone,
        b1_0.country,
        b1_0.created_at,
        b1_0.currency,
        b1_0.is_active,
        b1_0.name,
        b1_0.updated_at,
        u1_0.created_at,
        u1_0.deleted_at,
        u1_0.email,
        u1_0.email_verified,
        u1_0.is_active,
        u1_0.password,
        u1_0.phone_number,
        u1_0.role,
        u1_0.username 
    from
        public.users u1_0 
    left join
        public.branch b1_0 
            on b1_0.id=u1_0.branch_id 
    where
        u1_0.id=?
Hibernate: 
    select
        u1_0.id,
        u1_0.base_currency,
        b1_0.id,
        b1_0.address,
        b1_0.contact_email,
        b1_0.contact_phone,
        b1_0.country,
        b1_0.created_at,
        b1_0.currency,
        b1_0.is_active,
        b1_0.name,
        b1_0.updated_at,
        u1_0.created_at,
        u1_0.deleted_at,
        u1_0.email,
        u1_0.email_verified,
        u1_0.is_active,
        u1_0.password,
        u1_0.phone_number,
        u1_0.role,
        u1_0.username 
    from
        public.users u1_0 
    left join
        public.branch b1_0 
            on b1_0.id=u1_0.branch_id 
    where
        u1_0.id=?
2026-04-06T20:08:30.085+02:00 DEBUG 30416 --- [bypasstransers] [           main] org.hibernate.SQL                        : 
    select
        u1_0.id,
        u1_0.base_currency,
        b1_0.id,
        b1_0.address,
        b1_0.contact_email,
        b1_0.contact_phone,
        b1_0.country,
        b1_0.created_at,
        b1_0.currency,
        b1_0.is_active,
        b1_0.name,
        b1_0.updated_at,
        u1_0.created_at,
        u1_0.deleted_at,
        u1_0.email,
        u1_0.email_verified,
        u1_0.is_active,
        u1_0.password,
        u1_0.phone_number,
        u1_0.role,
        u1_0.username 
    from
        public.users u1_0 
    left join
        public.branch b1_0 
            on b1_0.id=u1_0.branch_id 
    where
        u1_0.id=?
Hibernate: 
    select
        u1_0.id,
        u1_0.base_currency,
        b1_0.id,
        b1_0.address,
        b1_0.contact_email,
        b1_0.contact_phone,
        b1_0.country,
        b1_0.created_at,
        b1_0.currency,
        b1_0.is_active,
        b1_0.name,
        b1_0.updated_at,
        u1_0.created_at,
        u1_0.deleted_at,
        u1_0.email,
        u1_0.email_verified,
        u1_0.is_active,
        u1_0.password,
        u1_0.phone_number,
        u1_0.role,
        u1_0.username 
    from
        public.users u1_0 
    left join
        public.branch b1_0 
            on b1_0.id=u1_0.branch_id 
    where
        u1_0.id=?
2026-04-06T20:08:30.088+02:00 DEBUG 30416 --- [bypasstransers] [           main] org.hibernate.SQL                        : 
    select
        u1_0.id,
        u1_0.base_currency,
        b1_0.id,
        b1_0.address,
        b1_0.contact_email,
        b1_0.contact_phone,
        b1_0.country,
        b1_0.created_at,
        b1_0.currency,
        b1_0.is_active,
        b1_0.name,
        b1_0.updated_at,
        u1_0.created_at,
        u1_0.deleted_at,
        u1_0.email,
        u1_0.email_verified,
        u1_0.is_active,
        u1_0.password,
        u1_0.phone_number,
        u1_0.role,
        u1_0.username 
    from
        public.users u1_0 
    left join
        public.branch b1_0 
            on b1_0.id=u1_0.branch_id 
    where
        u1_0.id=?
Hibernate: 
    select
        u1_0.id,
        u1_0.base_currency,
        b1_0.id,
        b1_0.address,
        b1_0.contact_email,
        b1_0.contact_phone,
        b1_0.country,
        b1_0.created_at,
        b1_0.currency,
        b1_0.is_active,
        b1_0.name,
        b1_0.updated_at,
        u1_0.created_at,
        u1_0.deleted_at,
        u1_0.email,
        u1_0.email_verified,
        u1_0.is_active,
        u1_0.password,
        u1_0.phone_number,
        u1_0.role,
        u1_0.username 
    from
        public.users u1_0 
    left join
        public.branch b1_0 
            on b1_0.id=u1_0.branch_id 
    where
        u1_0.id=?
2026-04-06T20:08:30.091+02:00 DEBUG 30416 --- [bypasstransers] [           main] org.hibernate.SQL                        : 
    select
        u1_0.id,
        u1_0.base_currency,
        b1_0.id,
        b1_0.address,
        b1_0.contact_email,
        b1_0.contact_phone,
        b1_0.country,
        b1_0.created_at,
        b1_0.currency,
        b1_0.is_active,
        b1_0.name,
        b1_0.updated_at,
        u1_0.created_at,
        u1_0.deleted_at,
        u1_0.email,
        u1_0.email_verified,
        u1_0.is_active,
        u1_0.password,
        u1_0.phone_number,
        u1_0.role,
        u1_0.username 
    from
        public.users u1_0 
    left join
        public.branch b1_0 
            on b1_0.id=u1_0.branch_id 
    where
        u1_0.id=?
Hibernate: 
    select
        u1_0.id,
        u1_0.base_currency,
        b1_0.id,
        b1_0.address,
        b1_0.contact_email,
        b1_0.contact_phone,
        b1_0.country,
        b1_0.created_at,
        b1_0.currency,
        b1_0.is_active,
        b1_0.name,
        b1_0.updated_at,
        u1_0.created_at,
        u1_0.deleted_at,
        u1_0.email,
        u1_0.email_verified,
        u1_0.is_active,
        u1_0.password,
        u1_0.phone_number,
        u1_0.role,
        u1_0.username 
    from
        public.users u1_0 
    left join
        public.branch b1_0 
            on b1_0.id=u1_0.branch_id 
    where
        u1_0.id=?
2026-04-06T20:08:30.097+02:00 DEBUG 30416 --- [bypasstransers] [           main] org.hibernate.SQL                        : 
    select
        u1_0.id,
        u1_0.base_currency,
        b1_0.id,
        b1_0.address,
        b1_0.contact_email,
        b1_0.contact_phone,
        b1_0.country,
        b1_0.created_at,
        b1_0.currency,
        b1_0.is_active,
        b1_0.name,
        b1_0.updated_at,
        u1_0.created_at,
        u1_0.deleted_at,
        u1_0.email,
        u1_0.email_verified,
        u1_0.is_active,
        u1_0.password,
        u1_0.phone_number,
        u1_0.role,
        u1_0.username 
    from
        public.users u1_0 
    left join
        public.branch b1_0 
            on b1_0.id=u1_0.branch_id 
    where
        u1_0.id=?
Hibernate: 
    select
        u1_0.id,
        u1_0.base_currency,
        b1_0.id,
        b1_0.address,
        b1_0.contact_email,
        b1_0.contact_phone,
        b1_0.country,
        b1_0.created_at,
        b1_0.currency,
        b1_0.is_active,
        b1_0.name,
        b1_0.updated_at,
        u1_0.created_at,
        u1_0.deleted_at,
        u1_0.email,
        u1_0.email_verified,
        u1_0.is_active,
        u1_0.password,
        u1_0.phone_number,
        u1_0.role,
        u1_0.username 
    from
        public.users u1_0 
    left join
        public.branch b1_0 
            on b1_0.id=u1_0.branch_id 
    where
        u1_0.id=?
2026-04-06T20:08:30.100+02:00 DEBUG 30416 --- [bypasstransers] [           main] org.hibernate.SQL                        : 
    select
        u1_0.id,
        u1_0.base_currency,
        b1_0.id,
        b1_0.address,
        b1_0.contact_email,
        b1_0.contact_phone,
        b1_0.country,
        b1_0.created_at,
        b1_0.currency,
        b1_0.is_active,
        b1_0.name,
        b1_0.updated_at,
        u1_0.created_at,
        u1_0.deleted_at,
        u1_0.email,
        u1_0.email_verified,
        u1_0.is_active,
        u1_0.password,
        u1_0.phone_number,
        u1_0.role,
        u1_0.username 
    from
        public.users u1_0 
    left join
        public.branch b1_0 
            on b1_0.id=u1_0.branch_id 
    where
        u1_0.id=?
Hibernate: 
    select
        u1_0.id,
        u1_0.base_currency,
        b1_0.id,
        b1_0.address,
        b1_0.contact_email,
        b1_0.contact_phone,
        b1_0.country,
        b1_0.created_at,
        b1_0.currency,
        b1_0.is_active,
        b1_0.name,
        b1_0.updated_at,
        u1_0.created_at,
        u1_0.deleted_at,
        u1_0.email,
        u1_0.email_verified,
        u1_0.is_active,
        u1_0.password,
        u1_0.phone_number,
        u1_0.role,
        u1_0.username 
    from
        public.users u1_0 
    left join
        public.branch b1_0 
            on b1_0.id=u1_0.branch_id 
    where
        u1_0.id=?
2026-04-06T20:08:30.105+02:00 DEBUG 30416 --- [bypasstransers] [           main] org.hibernate.SQL                        : 
    select
        u1_0.id,
        u1_0.base_currency,
        b1_0.id,
        b1_0.address,
        b1_0.contact_email,
        b1_0.contact_phone,
        b1_0.country,
        b1_0.created_at,
        b1_0.currency,
        b1_0.is_active,
        b1_0.name,
        b1_0.updated_at,
        u1_0.created_at,
        u1_0.deleted_at,
        u1_0.email,
        u1_0.email_verified,
        u1_0.is_active,
        u1_0.password,
        u1_0.phone_number,
        u1_0.role,
        u1_0.username 
    from
        public.users u1_0 
    left join
        public.branch b1_0 
            on b1_0.id=u1_0.branch_id 
    where
        u1_0.id=?
Hibernate: 
    select
        u1_0.id,
        u1_0.base_currency,
        b1_0.id,
        b1_0.address,
        b1_0.contact_email,
        b1_0.contact_phone,
        b1_0.country,
        b1_0.created_at,
        b1_0.currency,
        b1_0.is_active,
        b1_0.name,
        b1_0.updated_at,
        u1_0.created_at,
        u1_0.deleted_at,
        u1_0.email,
        u1_0.email_verified,
        u1_0.is_active,
        u1_0.password,
        u1_0.phone_number,
        u1_0.role,
        u1_0.username 
    from
        public.users u1_0 
    left join
        public.branch b1_0 
            on b1_0.id=u1_0.branch_id 
    where
        u1_0.id=?
2026-04-06T20:08:30.108+02:00 DEBUG 30416 --- [bypasstransers] [           main] org.hibernate.SQL                        : 
    select
        u1_0.id,
        u1_0.base_currency,
        b1_0.id,
        b1_0.address,
        b1_0.contact_email,
        b1_0.contact_phone,
        b1_0.country,
        b1_0.created_at,
        b1_0.currency,
        b1_0.is_active,
        b1_0.name,
        b1_0.updated_at,
        u1_0.created_at,
        u1_0.deleted_at,
        u1_0.email,
        u1_0.email_verified,
        u1_0.is_active,
        u1_0.password,
        u1_0.phone_number,
        u1_0.role,
        u1_0.username 
    from
        public.users u1_0 
    left join
        public.branch b1_0 
            on b1_0.id=u1_0.branch_id 
    where
        u1_0.id=?
Hibernate: 
    select
        u1_0.id,
        u1_0.base_currency,
        b1_0.id,
        b1_0.address,
        b1_0.contact_email,
        b1_0.contact_phone,
        b1_0.country,
        b1_0.created_at,
        b1_0.currency,
        b1_0.is_active,
        b1_0.name,
        b1_0.updated_at,
        u1_0.created_at,
        u1_0.deleted_at,
        u1_0.email,
        u1_0.email_verified,
        u1_0.is_active,
        u1_0.password,
        u1_0.phone_number,
        u1_0.role,
        u1_0.username 
    from
        public.users u1_0 
    left join
        public.branch b1_0 
            on b1_0.id=u1_0.branch_id 
    where
        u1_0.id=?
2026-04-06T20:08:30.111+02:00 DEBUG 30416 --- [bypasstransers] [           main] org.hibernate.SQL                        : 
    select
        u1_0.id,
        u1_0.base_currency,
        b1_0.id,
        b1_0.address,
        b1_0.contact_email,
        b1_0.contact_phone,
        b1_0.country,
        b1_0.created_at,
        b1_0.currency,
        b1_0.is_active,
        b1_0.name,
        b1_0.updated_at,
        u1_0.created_at,
        u1_0.deleted_at,
        u1_0.email,
        u1_0.email_verified,
        u1_0.is_active,
        u1_0.password,
        u1_0.phone_number,
        u1_0.role,
        u1_0.username 
    from
        public.users u1_0 
    left join
        public.branch b1_0 
            on b1_0.id=u1_0.branch_id 
    where
        u1_0.id=?
Hibernate: 
    select
        u1_0.id,
        u1_0.base_currency,
        b1_0.id,
        b1_0.address,
        b1_0.contact_email,
        b1_0.contact_phone,
        b1_0.country,
        b1_0.created_at,
        b1_0.currency,
        b1_0.is_active,
        b1_0.name,
        b1_0.updated_at,
        u1_0.created_at,
        u1_0.deleted_at,
        u1_0.email,
        u1_0.email_verified,
        u1_0.is_active,
        u1_0.password,
        u1_0.phone_number,
        u1_0.role,
        u1_0.username 
    from
        public.users u1_0 
    left join
        public.branch b1_0 
            on b1_0.id=u1_0.branch_id 
    where
        u1_0.id=?
2026-04-06T20:08:30.119+02:00 DEBUG 30416 --- [bypasstransers] [           main] org.hibernate.SQL                        : 
    select
        u1_0.id,
        u1_0.base_currency,
        b1_0.id,
        b1_0.address,
        b1_0.contact_email,
        b1_0.contact_phone,
        b1_0.country,
        b1_0.created_at,
        b1_0.currency,
        b1_0.is_active,
        b1_0.name,
        b1_0.updated_at,
        u1_0.created_at,
        u1_0.deleted_at,
        u1_0.email,
        u1_0.email_verified,
        u1_0.is_active,
        u1_0.password,
        u1_0.phone_number,
        u1_0.role,
        u1_0.username 
    from
        public.users u1_0 
    left join
        public.branch b1_0 
            on b1_0.id=u1_0.branch_id 
    where
        u1_0.id=?
Hibernate: 
    select
        u1_0.id,
        u1_0.base_currency,
        b1_0.id,
        b1_0.address,
        b1_0.contact_email,
        b1_0.contact_phone,
        b1_0.country,
        b1_0.created_at,
        b1_0.currency,
        b1_0.is_active,
        b1_0.name,
        b1_0.updated_at,
        u1_0.created_at,
        u1_0.deleted_at,
        u1_0.email,
        u1_0.email_verified,
        u1_0.is_active,
        u1_0.password,
        u1_0.phone_number,
        u1_0.role,
        u1_0.username 
    from
        public.users u1_0 
    left join
        public.branch b1_0 
            on b1_0.id=u1_0.branch_id 
    where
        u1_0.id=?
2026-04-06T20:08:30.123+02:00 DEBUG 30416 --- [bypasstransers] [           main] org.hibernate.SQL                        : 
    select
        u1_0.id,
        u1_0.base_currency,
        b1_0.id,
        b1_0.address,
        b1_0.contact_email,
        b1_0.contact_phone,
        b1_0.country,
        b1_0.created_at,
        b1_0.currency,
        b1_0.is_active,
        b1_0.name,
        b1_0.updated_at,
        u1_0.created_at,
        u1_0.deleted_at,
        u1_0.email,
        u1_0.email_verified,
        u1_0.is_active,
        u1_0.password,
        u1_0.phone_number,
        u1_0.role,
        u1_0.username 
    from
        public.users u1_0 
    left join
        public.branch b1_0 
            on b1_0.id=u1_0.branch_id 
    where
        u1_0.id=?
Hibernate: 
    select
        u1_0.id,
        u1_0.base_currency,
        b1_0.id,
        b1_0.address,
        b1_0.contact_email,
        b1_0.contact_phone,
        b1_0.country,
        b1_0.created_at,
        b1_0.currency,
        b1_0.is_active,
        b1_0.name,
        b1_0.updated_at,
        u1_0.created_at,
        u1_0.deleted_at,
        u1_0.email,
        u1_0.email_verified,
        u1_0.is_active,
        u1_0.password,
        u1_0.phone_number,
        u1_0.role,
        u1_0.username 
    from
        public.users u1_0 
    left join
        public.branch b1_0 
            on b1_0.id=u1_0.branch_id 
    where
        u1_0.id=?
2026-04-06T20:08:30.131+02:00 DEBUG 30416 --- [bypasstransers] [           main] org.hibernate.SQL                        : 
    select
        u1_0.id,
        u1_0.base_currency,
        b1_0.id,
        b1_0.address,
        b1_0.contact_email,
        b1_0.contact_phone,
        b1_0.country,
        b1_0.created_at,
        b1_0.currency,
        b1_0.is_active,
        b1_0.name,
        b1_0.updated_at,
        u1_0.created_at,
        u1_0.deleted_at,
        u1_0.email,
        u1_0.email_verified,
        u1_0.is_active,
        u1_0.password,
        u1_0.phone_number,
        u1_0.role,
        u1_0.username 
    from
        public.users u1_0 
    left join
        public.branch b1_0 
            on b1_0.id=u1_0.branch_id 
    where
        u1_0.id=?
Hibernate: 
    select
        u1_0.id,
        u1_0.base_currency,
        b1_0.id,
        b1_0.address,
        b1_0.contact_email,
        b1_0.contact_phone,
        b1_0.country,
        b1_0.created_at,
        b1_0.currency,
        b1_0.is_active,
        b1_0.name,
        b1_0.updated_at,
        u1_0.created_at,
        u1_0.deleted_at,
        u1_0.email,
        u1_0.email_verified,
        u1_0.is_active,
        u1_0.password,
        u1_0.phone_number,
        u1_0.role,
        u1_0.username 
    from
        public.users u1_0 
    left join
        public.branch b1_0 
            on b1_0.id=u1_0.branch_id 
    where
        u1_0.id=?
2026-04-06T20:08:30.135+02:00 DEBUG 30416 --- [bypasstransers] [           main] org.hibernate.SQL                        : 
    select
        u1_0.id,
        u1_0.base_currency,
        b1_0.id,
        b1_0.address,
        b1_0.contact_email,
        b1_0.contact_phone,
        b1_0.country,
        b1_0.created_at,
        b1_0.currency,
        b1_0.is_active,
        b1_0.name,
        b1_0.updated_at,
        u1_0.created_at,
        u1_0.deleted_at,
        u1_0.email,
        u1_0.email_verified,
        u1_0.is_active,
        u1_0.password,
        u1_0.phone_number,
        u1_0.role,
        u1_0.username 
    from
        public.users u1_0 
    left join
        public.branch b1_0 
            on b1_0.id=u1_0.branch_id 
    where
        u1_0.id=?
Hibernate: 
    select
        u1_0.id,
        u1_0.base_currency,
        b1_0.id,
        b1_0.address,
        b1_0.contact_email,
        b1_0.contact_phone,
        b1_0.country,
        b1_0.created_at,
        b1_0.currency,
        b1_0.is_active,
        b1_0.name,
        b1_0.updated_at,
        u1_0.created_at,
        u1_0.deleted_at,
        u1_0.email,
        u1_0.email_verified,
        u1_0.is_active,
        u1_0.password,
        u1_0.phone_number,
        u1_0.role,
        u1_0.username 
    from
        public.users u1_0 
    left join
        public.branch b1_0 
            on b1_0.id=u1_0.branch_id 
    where
        u1_0.id=?
2026-04-06T20:08:30.141+02:00 DEBUG 30416 --- [bypasstransers] [           main] org.hibernate.SQL                        : 
    select
        u1_0.id,
        u1_0.base_currency,
        b1_0.id,
        b1_0.address,
        b1_0.contact_email,
        b1_0.contact_phone,
        b1_0.country,
        b1_0.created_at,
        b1_0.currency,
        b1_0.is_active,
        b1_0.name,
        b1_0.updated_at,
        u1_0.created_at,
        u1_0.deleted_at,
        u1_0.email,
        u1_0.email_verified,
        u1_0.is_active,
        u1_0.password,
        u1_0.phone_number,
        u1_0.role,
        u1_0.username 
    from
        public.users u1_0 
    left join
        public.branch b1_0 
            on b1_0.id=u1_0.branch_id 
    where
        u1_0.id=?
Hibernate: 
    select
        u1_0.id,
        u1_0.base_currency,
        b1_0.id,
        b1_0.address,
        b1_0.contact_email,
        b1_0.contact_phone,
        b1_0.country,
        b1_0.created_at,
        b1_0.currency,
        b1_0.is_active,
        b1_0.name,
        b1_0.updated_at,
        u1_0.created_at,
        u1_0.deleted_at,
        u1_0.email,
        u1_0.email_verified,
        u1_0.is_active,
        u1_0.password,
        u1_0.phone_number,
        u1_0.role,
        u1_0.username 
    from
        public.users u1_0 
    left join
        public.branch b1_0 
            on b1_0.id=u1_0.branch_id 
    where
        u1_0.id=?
2026-04-06T20:08:30.143+02:00 DEBUG 30416 --- [bypasstransers] [           main] org.hibernate.SQL                        : 
    select
        u1_0.id,
        u1_0.base_currency,
        b1_0.id,
        b1_0.address,
        b1_0.contact_email,
        b1_0.contact_phone,
        b1_0.country,
        b1_0.created_at,
        b1_0.currency,
        b1_0.is_active,
        b1_0.name,
        b1_0.updated_at,
        u1_0.created_at,
        u1_0.deleted_at,
        u1_0.email,
        u1_0.email_verified,
        u1_0.is_active,
        u1_0.password,
        u1_0.phone_number,
        u1_0.role,
        u1_0.username 
    from
        public.users u1_0 
    left join
        public.branch b1_0 
            on b1_0.id=u1_0.branch_id 
    where
        u1_0.id=?
Hibernate: 
    select
        u1_0.id,
        u1_0.base_currency,
        b1_0.id,
        b1_0.address,
        b1_0.contact_email,
        b1_0.contact_phone,
        b1_0.country,
        b1_0.created_at,
        b1_0.currency,
        b1_0.is_active,
        b1_0.name,
        b1_0.updated_at,
        u1_0.created_at,
        u1_0.deleted_at,
        u1_0.email,
        u1_0.email_verified,
        u1_0.is_active,
        u1_0.password,
        u1_0.phone_number,
        u1_0.role,
        u1_0.username 
    from
        public.users u1_0 
    left join
        public.branch b1_0 
            on b1_0.id=u1_0.branch_id 
    where
        u1_0.id=?
2026-04-06T20:08:30.145+02:00 DEBUG 30416 --- [bypasstransers] [           main] org.hibernate.SQL                        : 
    select
        u1_0.id,
        u1_0.base_currency,
        b1_0.id,
        b1_0.address,
        b1_0.contact_email,
        b1_0.contact_phone,
        b1_0.country,
        b1_0.created_at,
        b1_0.currency,
        b1_0.is_active,
        b1_0.name,
        b1_0.updated_at,
        u1_0.created_at,
        u1_0.deleted_at,
        u1_0.email,
        u1_0.email_verified,
        u1_0.is_active,
        u1_0.password,
        u1_0.phone_number,
        u1_0.role,
        u1_0.username 
    from
        public.users u1_0 
    left join
        public.branch b1_0 
            on b1_0.id=u1_0.branch_id 
    where
        u1_0.id=?
Hibernate: 
    select
        u1_0.id,
        u1_0.base_currency,
        b1_0.id,
        b1_0.address,
        b1_0.contact_email,
        b1_0.contact_phone,
        b1_0.country,
        b1_0.created_at,
        b1_0.currency,
        b1_0.is_active,
        b1_0.name,
        b1_0.updated_at,
        u1_0.created_at,
        u1_0.deleted_at,
        u1_0.email,
        u1_0.email_verified,
        u1_0.is_active,
        u1_0.password,
        u1_0.phone_number,
        u1_0.role,
        u1_0.username 
    from
        public.users u1_0 
    left join
        public.branch b1_0 
            on b1_0.id=u1_0.branch_id 
    where
        u1_0.id=?
2026-04-06T20:08:30.149+02:00 DEBUG 30416 --- [bypasstransers] [           main] org.hibernate.SQL                        : 
    select
        u1_0.id,
        u1_0.base_currency,
        b1_0.id,
        b1_0.address,
        b1_0.contact_email,
        b1_0.contact_phone,
        b1_0.country,
        b1_0.created_at,
        b1_0.currency,
        b1_0.is_active,
        b1_0.name,
        b1_0.updated_at,
        u1_0.created_at,
        u1_0.deleted_at,
        u1_0.email,
        u1_0.email_verified,
        u1_0.is_active,
        u1_0.password,
        u1_0.phone_number,
        u1_0.role,
        u1_0.username 
    from
        public.users u1_0 
    left join
        public.branch b1_0 
            on b1_0.id=u1_0.branch_id 
    where
        u1_0.id=?
Hibernate: 
    select
        u1_0.id,
        u1_0.base_currency,
        b1_0.id,
        b1_0.address,
        b1_0.contact_email,
        b1_0.contact_phone,
        b1_0.country,
        b1_0.created_at,
        b1_0.currency,
        b1_0.is_active,
        b1_0.name,
        b1_0.updated_at,
        u1_0.created_at,
        u1_0.deleted_at,
        u1_0.email,
        u1_0.email_verified,
        u1_0.is_active,
        u1_0.password,
        u1_0.phone_number,
        u1_0.role,
        u1_0.username 
    from
        public.users u1_0 
    left join
        public.branch b1_0 
            on b1_0.id=u1_0.branch_id 
    where
        u1_0.id=?
2026-04-06T20:08:30.150+02:00 DEBUG 30416 --- [bypasstransers] [           main] org.hibernate.SQL                        : 
    select
        u1_0.id,
        u1_0.base_currency,
        b1_0.id,
        b1_0.address,
        b1_0.contact_email,
        b1_0.contact_phone,
        b1_0.country,
        b1_0.created_at,
        b1_0.currency,
        b1_0.is_active,
        b1_0.name,
        b1_0.updated_at,
        u1_0.created_at,
        u1_0.deleted_at,
        u1_0.email,
        u1_0.email_verified,
        u1_0.is_active,
        u1_0.password,
        u1_0.phone_number,
        u1_0.role,
        u1_0.username 
    from
        public.users u1_0 
    left join
        public.branch b1_0 
            on b1_0.id=u1_0.branch_id 
    where
        u1_0.id=?
Hibernate: 
    select
        u1_0.id,
        u1_0.base_currency,
        b1_0.id,
        b1_0.address,
        b1_0.contact_email,
        b1_0.contact_phone,
        b1_0.country,
        b1_0.created_at,
        b1_0.currency,
        b1_0.is_active,
        b1_0.name,
        b1_0.updated_at,
        u1_0.created_at,
        u1_0.deleted_at,
        u1_0.email,
        u1_0.email_verified,
        u1_0.is_active,
        u1_0.password,
        u1_0.phone_number,
        u1_0.role,
        u1_0.username 
    from
        public.users u1_0 
    left join
        public.branch b1_0 
            on b1_0.id=u1_0.branch_id 
    where
        u1_0.id=?
2026-04-06T20:08:30.153+02:00 DEBUG 30416 --- [bypasstransers] [           main] org.hibernate.SQL                        : 
    select
        u1_0.id,
        u1_0.base_currency,
        b1_0.id,
        b1_0.address,
        b1_0.contact_email,
        b1_0.contact_phone,
        b1_0.country,
        b1_0.created_at,
        b1_0.currency,
        b1_0.is_active,
        b1_0.name,
        b1_0.updated_at,
        u1_0.created_at,
        u1_0.deleted_at,
        u1_0.email,
        u1_0.email_verified,
        u1_0.is_active,
        u1_0.password,
        u1_0.phone_number,
        u1_0.role,
        u1_0.username 
    from
        public.users u1_0 
    left join
        public.branch b1_0 
            on b1_0.id=u1_0.branch_id 
    where
        u1_0.id=?
Hibernate: 
    select
        u1_0.id,
        u1_0.base_currency,
        b1_0.id,
        b1_0.address,
        b1_0.contact_email,
        b1_0.contact_phone,
        b1_0.country,
        b1_0.created_at,
        b1_0.currency,
        b1_0.is_active,
        b1_0.name,
        b1_0.updated_at,
        u1_0.created_at,
        u1_0.deleted_at,
        u1_0.email,
        u1_0.email_verified,
        u1_0.is_active,
        u1_0.password,
        u1_0.phone_number,
        u1_0.role,
        u1_0.username 
    from
        public.users u1_0 
    left join
        public.branch b1_0 
            on b1_0.id=u1_0.branch_id 
    where
        u1_0.id=?
2026-04-06T20:08:30.171+02:00 DEBUG 30416 --- [bypasstransers] [           main] org.hibernate.SQL                        : 
    select
        prt1_0.id,
        prt1_0.expiry,
        prt1_0.token,
        prt1_0.user_id 
    from
        public.password_reset_tokens prt1_0 
    where
        prt1_0.token=?
Hibernate: 
    select
        prt1_0.id,
        prt1_0.expiry,
        prt1_0.token,
        prt1_0.user_id 
    from
        public.password_reset_tokens prt1_0 
    where
        prt1_0.token=?
2026-04-06T20:08:30.173+02:00 DEBUG 30416 --- [bypasstransers] [           main] org.hibernate.SQL                        : 
    select
        u1_0.id,
        u1_0.base_currency,
        b1_0.id,
        b1_0.address,
        b1_0.contact_email,
        b1_0.contact_phone,
        b1_0.country,
        b1_0.created_at,
        b1_0.currency,
        b1_0.is_active,
        b1_0.name,
        b1_0.updated_at,
        u1_0.created_at,
        u1_0.deleted_at,
        u1_0.email,
        u1_0.email_verified,
        u1_0.is_active,
        u1_0.password,
        u1_0.phone_number,
        u1_0.role,
        u1_0.username 
    from
        public.users u1_0 
    left join
        public.branch b1_0 
            on b1_0.id=u1_0.branch_id 
    where
        u1_0.id=?
Hibernate: 
    select
        u1_0.id,
        u1_0.base_currency,
        b1_0.id,
        b1_0.address,
        b1_0.contact_email,
        b1_0.contact_phone,
        b1_0.country,
        b1_0.created_at,
        b1_0.currency,
        b1_0.is_active,
        b1_0.name,
        b1_0.updated_at,
        u1_0.created_at,
        u1_0.deleted_at,
        u1_0.email,
        u1_0.email_verified,
        u1_0.is_active,
        u1_0.password,
        u1_0.phone_number,
        u1_0.role,
        u1_0.username 
    from
        public.users u1_0 
    left join
        public.branch b1_0 
            on b1_0.id=u1_0.branch_id 
    where
        u1_0.id=?
2026-04-06T20:08:30.182+02:00 DEBUG 30416 --- [bypasstransers] [           main] org.hibernate.SQL                        : 
    select
        prt1_0.id,
        prt1_0.expiry,
        prt1_0.token,
        prt1_0.user_id 
    from
        public.password_reset_tokens prt1_0 
    where
        prt1_0.token=?
Hibernate: 
    select
        prt1_0.id,
        prt1_0.expiry,
        prt1_0.token,
        prt1_0.user_id 
    from
        public.password_reset_tokens prt1_0 
    where
        prt1_0.token=?
2026-04-06T20:08:30.188+02:00 DEBUG 30416 --- [bypasstransers] [           main] org.hibernate.SQL                        : 
    select
        u1_0.id,
        u1_0.base_currency,
        b1_0.id,
        b1_0.address,
        b1_0.contact_email,
        b1_0.contact_phone,
        b1_0.country,
        b1_0.created_at,
        b1_0.currency,
        b1_0.is_active,
        b1_0.name,
        b1_0.updated_at,
        u1_0.created_at,
        u1_0.deleted_at,
        u1_0.email,
        u1_0.email_verified,
        u1_0.is_active,
        u1_0.password,
        u1_0.phone_number,
        u1_0.role,
        u1_0.username 
    from
        public.users u1_0 
    left join
        public.branch b1_0 
            on b1_0.id=u1_0.branch_id 
    where
        u1_0.id=?
Hibernate: 
    select
        u1_0.id,
        u1_0.base_currency,
        b1_0.id,
        b1_0.address,
        b1_0.contact_email,
        b1_0.contact_phone,
        b1_0.country,
        b1_0.created_at,
        b1_0.currency,
        b1_0.is_active,
        b1_0.name,
        b1_0.updated_at,
        u1_0.created_at,
        u1_0.deleted_at,
        u1_0.email,
        u1_0.email_verified,
        u1_0.is_active,
        u1_0.password,
        u1_0.phone_number,
        u1_0.role,
        u1_0.username 
    from
        public.users u1_0 
    left join
        public.branch b1_0 
            on b1_0.id=u1_0.branch_id 
    where
        u1_0.id=?
2026-04-06T20:08:30.195+02:00 DEBUG 30416 --- [bypasstransers] [           main] org.hibernate.SQL                        : 
    select
        u1_0.id,
        u1_0.base_currency,
        u1_0.branch_id,
        u1_0.created_at,
        u1_0.deleted_at,
        u1_0.email,
        u1_0.email_verified,
        u1_0.is_active,
        u1_0.password,
        u1_0.phone_number,
        u1_0.role,
        u1_0.username 
    from
        public.users u1_0 
    where
        u1_0.username=?
Hibernate: 
    select
        u1_0.id,
        u1_0.base_currency,
        u1_0.branch_id,
        u1_0.created_at,
        u1_0.deleted_at,
        u1_0.email,
        u1_0.email_verified,
        u1_0.is_active,
        u1_0.password,
        u1_0.phone_number,
        u1_0.role,
        u1_0.username 
    from
        public.users u1_0 
    where
        u1_0.username=?
[ERROR] Tests run: 1, Failures: 1, Errors: 0, Skipped: 0, Time elapsed: 23.49 s <<< FAILURE! -- in com.bypass.bypasstransers.PasswordResetIntegrationTest
[ERROR] com.bypass.bypasstransers.PasswordResetIntegrationTest.testForgotPasswordAndResetFlow -- Time elapsed: 2.619 s <<< FAILURE!
org.opentest4j.AssertionFailedError: Password should be updated to the new value ==> expected: <true> but was: <false>
	at org.junit.jupiter.api.AssertionFailureBuilder.build(AssertionFailureBuilder.java:158)
	at org.junit.jupiter.api.AssertionFailureBuilder.buildAndThrow(AssertionFailureBuilder.java:139)
	at org.junit.jupiter.api.AssertTrue.failNotTrue(AssertTrue.java:69)
	at org.junit.jupiter.api.AssertTrue.assertTrue(AssertTrue.java:41)
	at org.junit.jupiter.api.Assertions.assertTrue(Assertions.java:228)
	at com.bypass.bypasstransers.PasswordResetIntegrationTest.testForgotPasswordAndResetFlow(PasswordResetIntegrationTest.java:91)

[INFO] 
[INFO] Results:
[INFO] 
[ERROR] Failures: 
[ERROR]   PasswordResetIntegrationTest.testForgotPasswordAndResetFlow:91 Password should be updated to the new value ==> expected: <true> but was: <false>
[INFO] 
[ERROR] Tests run: 1, Failures: 1, Errors: 0, Skipped: 0
[INFO] 
[INFO] ------------------------------------------------------------------------
[INFO] BUILD FAILURE
[INFO] ------------------------------------------------------------------------
[INFO] Total time:  31.080 s
[INFO] Finished at: 2026-04-06T20:08:30+02:00
[INFO] ------------------------------------------------------------------------
[ERROR] Failed to execute goal org.apache.maven.plugins:maven-surefire-plugin:3.5.4:test (default-test) on project bypasstransers: There are test failures.
[ERROR] 
[ERROR] See C:\Users\Vickeller.01\Desktop\bypasstransers (1)\bypasstransers\target\surefire-reports for the individual test results.
[ERROR] See dump files (if any exist) [date].dump, [date]-jvmRun[N].dump and [date].dumpstream.
[ERROR] -> [Help 1]
[ERROR] 
[ERROR] To see the full stack trace of the errors, re-run Maven with the -e switch.
[ERROR] Re-run Maven using the -X switch to enable full debug logging.
[ERROR] 
[ERROR] For more information about the errors and possible solutions, please read the following articles:
[ERROR] [Help 1] http://cwiki.apache.org/confluence/display/MAVEN/MojoFailureException
